[main 2eac69e] Daily: 2026-01-07
 6 files changed, 89 insertions(+)
 create mode 100644 FETCH_HEAD
 create mode 100755 daily.sh
 create mode 100644 main
 create mode 100644 notes/00-orientation/daily-log.md
 create mode 100644 scripts/cron.log
 create mode 100755 scripts/daily_commit.sh
To github.com:Raymond-Onwude/financial-architecture-notes.git
   5ec511f..2eac69e  main -> main
[main 4c354d4] Daily: 2026-01-08
 2 files changed, 11 insertions(+)
To github.com:Raymond-Onwude/financial-architecture-notes.git
   2eac69e..4c354d4  main -> main
[main 7e74f59] Daily: 2026-01-12
 2 files changed, 5 insertions(+)
To github.com:Raymond-Onwude/financial-architecture-notes.git
   4c354d4..7e74f59  main -> main
[main 36ab936] Daily: 2026-01-13
 2 files changed, 5 insertions(+)
To github.com:Raymond-Onwude/financial-architecture-notes.git
   7e74f59..36ab936  main -> main
[main 6d130b6] Daily: 2026-03-23
 2 files changed, 5 insertions(+)
To github.com:Raymond-Onwude/financial-architecture-notes.git
   36ab936..6d130b6  main -> main
[main ed1e809] Daily: 2026-03-24
 2 files changed, 5 insertions(+)
To github.com:Raymond-Onwude/financial-architecture-notes.git
   6d130b6..ed1e809  main -> main
